TRAIN nImg=26136 nMsk=26136 | VAL nImg=7272 nMsk=7272
NET built: dlnetwork
VALFREQ=817 (=1/epoch)
    Iteration    Epoch    TimeElapsed    LearnRate    TrainingLoss    ValidationLoss
    _________    _____    ___________    _________    ____________    ______________
            0        0       00:00:54        0.001                            1.2004
            1        1       00:00:54        0.001          1.1835                  
           50        1       00:01:25        0.001         0.23282                  
          100        1       00:01:55        0.001         0.33759                  
          150        1       00:02:25        0.001         0.27263                  
          200        1       00:02:55        0.001         0.29668                  
          250        1       00:03:25        0.001         0.19722                  
          300        1       00:03:55        0.001         0.32558                  
          350        1       00:04:25        0.001         0.33201                  
          400        1       00:04:55        0.001         0.19987                  
          450        1       00:05:25        0.001         0.27049                  
          500        1       00:05:55        0.001         0.26766                  
          550        1       00:06:26        0.001         0.33051                  
          600        1       00:06:56        0.001         0.13804                  
          650        1       00:07:26        0.001         0.16263                  
          700        1       00:07:56        0.001         0.34368                  
          750        1       00:08:26        0.001         0.26893                  
          800        1       00:08:55        0.001         0.30528                  
          817        2       00:09:47        0.001          0.3439           0.26981
          850        2       00:10:06        0.001         0.40242                  
          900        2       00:10:37        0.001         0.16823                  
          950        2       00:11:07        0.001         0.37636                  
         1000        2       00:11:37        0.001          0.2191                  
         1050        2       00:12:07        0.001         0.27135                  
         1100        2       00:12:37        0.001         0.37301                  
         1150        2       00:13:07        0.001         0.27681                  
         1200        2       00:13:37        0.001         0.20426                  
         1250        2       00:14:07        0.001         0.30043                  
         1300        2       00:14:37        0.001         0.19918                  
         1350        2       00:15:06        0.001         0.40773                  
         1400        2       00:15:36        0.001         0.13221                  
         1450        2       00:16:06        0.001          0.1306                  
         1500        2       00:16:36        0.001         0.13982                  
         1550        2       00:17:05        0.001         0.40781                  
         1600        2       00:17:35        0.001         0.29669                  
         1634        3       00:18:36        0.001          0.3053           0.26981
         1650        3       00:18:45        0.001          0.3334                  
         1700        3       00:19:14        0.001         0.23438                  
         1750        3       00:19:44        0.001        0.099326                  
         1800        3       00:20:11        0.001          0.5389                  
         1850        3       00:20:39        0.001         0.23222                  
         1900        3       00:21:06        0.001         0.23381                  
         1950        3       00:21:33        0.001         0.35345                  
         2000        3       00:22:01        0.001         0.29924                  
         2050        3       00:22:28        0.001         0.26445                  
         2100        3       00:22:56        0.001         0.20162                  
         2150        3       00:23:23        0.001          0.2366                  
         2200        3       00:23:51        0.001         0.26535                  
