TRAIN nImg=26136 nMsk=26136 | VAL nImg=7272 nMsk=7272
NET built: dlnetwork
VALFREQ=817 (=1/epoch)
    Iteration    Epoch    TimeElapsed    LearnRate    TrainingLoss    ValidationLoss
    _________    _____    ___________    _________    ____________    ______________
            0        0       00:01:20        0.001                            1.2004
            1        1       00:01:20        0.001          1.1835                  
           50        1       00:01:55        0.001         0.23282                  
          100        1       00:02:31        0.001         0.33759                  
          150        1       00:03:06        0.001         0.27263                  
          200        1       00:03:41        0.001         0.29668                  
          250        1       00:04:16        0.001         0.19722                  
          300        1       00:04:51        0.001         0.32558                  
          350        1       00:05:26        0.001         0.33201                  
          400        1       00:06:02        0.001         0.19987                  
          450        1       00:06:37        0.001         0.27049                  
          500        1       00:07:12        0.001         0.26766                  
          550        1       00:07:46        0.001         0.33051                  
          600        1       00:08:22        0.001         0.13804                  
          650        1       00:08:56        0.001         0.16263                  
          700        1       00:09:31        0.001         0.34368                  
          750        1       00:10:06        0.001         0.26893                  
          800        1       00:10:41        0.001         0.30528                  
          817        2       00:11:32        0.001          0.3439           0.26981
          850        2       00:11:51        0.001         0.40242                  
          900        2       00:12:20        0.001         0.16823                  
          950        2       00:12:49        0.001         0.37636                  
         1000        2       00:13:18        0.001          0.2191                  
         1050        2       00:13:47        0.001         0.27135                  
         1100        2       00:14:16        0.001         0.37301                  
         1150        2       00:14:44        0.001         0.27681                  
         1200        2       00:15:13        0.001         0.20426                  
         1250        2       00:15:42        0.001         0.30043                  
         1300        2       00:16:12        0.001         0.19918                  
         1350        2       00:16:42        0.001         0.40773                  
         1400        2       00:17:12        0.001         0.13221                  
         1450        2       00:17:41        0.001          0.1306                  
         1500        2       00:18:11        0.001         0.13982                  
         1550        2       00:18:41        0.001         0.40781                  
         1600        2       00:19:11        0.001         0.29669                  
